<html>
<body>
<pre>
<h1>�Vision Build Log</h1>
<h2>Tool Versions:</h2>
IDE-Version: ��Vision V5.30.0.0
Copyright (C) 2020 ARM Ltd and ARM Germany GmbH. All rights reserved.
License Information: 1 1, 1, LIC=PE7DL-0343N-63NMB-2HVV3-VPY1L-8QZC3
 
Tool Versions:
Toolchain:       MDK-ARM Plus  Version: 5.30.0.0
Toolchain Path:  f:\Keil_v5\ARM\ARMCC\Bin
C Compiler:      Armcc.exe V5.06 update 6 (build 750)
Assembler:       Armasm.exe V5.06 update 6 (build 750)
Linker/Locator:  ArmLink.exe V5.06 update 6 (build 750)
Library Manager: ArmAr.exe V5.06 update 6 (build 750)
Hex Converter:   FromElf.exe V5.06 update 6 (build 750)
CPU DLL:         SARMCM3.DLL V5.30.0.0
Dialog DLL:      DCM.DLL V1.17.3.0
Target DLL:      STLink\ST-LINKIII-KEIL_SWO.dll V3.0.7.0
Dialog DLL:      TCM.DLL V1.42.0.0
 
<h2>Project:</h2>
F:\Working\��ҽ\��ҽװ������8-20�����\2023-12-9-SWD&XWTT\MDK-ARM\motorDriver.uvprojx
Project File Date:  08/20/2023

<h2>Output:</h2>
*** Using Compiler 'V5.06 update 6 (build 750)', folder: 'f:\Keil_v5\ARM\ARMCC\Bin'
Build target 'motorDriver'
compiling com.c...
compiling stm32h7xx_it.c...
compiling startLoopTask.c...
..\Src\App\startLoopTask.c(118): warning:  #870-D: invalid multibyte character sequence
  				printf("\r\n***********电流开始变�?***电流值为�?%d(ua)***********\r\n***********预设电流值为�?%d(ua)***********\r\n",RecRmsl*5,RecRmsl_old*5);
..\Src\App\startLoopTask.c(118): warning:  #870-D: invalid multibyte character sequence
  				printf("\r\n***********电流开始变�?***电流值为�?%d(ua)***********\r\n***********预设电流值为�?%d(ua)***********\r\n",RecRmsl*5,RecRmsl_old*5);
..\Src\App\startLoopTask.c(118): warning:  #870-D: invalid multibyte character sequence
  				printf("\r\n***********电流开始变�?***电流值为�?%d(ua)***********\r\n***********预设电流值为�?%d(ua)***********\r\n",RecRmsl*5,RecRmsl_old*5);
..\Src\App\startLoopTask.c(225): warning:  #870-D: invalid multibyte character sequence
  				printf("\r\n当前治疗电流值为�?%d(ua)\r\n",RecRmsl*5);
..\Src\App\startLoopTask.c: 4 warnings, 0 errors
compiling main.c...
../Src/main.c(2215): warning:  #167-D: argument of type "uint8_t *" is incompatible with parameter of type "char *restrict"
  						char *token = strtok(buf1, ".");
../Src/main.c(2234): warning:  #167-D: argument of type "uint8_t *" is incompatible with parameter of type "const char *"
  						gDeviceParam.mqArg.mqttPort=atoi(buf2);				
../Src/main.c: 2 warnings, 0 errors
linking...
Program Size: Code=160248 RO-data=2308 RW-data=1172 ZI-data=319516  
FromELF: creating hex file...
After Build - User command #1: fromelf --bin -o ".\bin_file\motorDriver.bin" "F:\Working\��ҽ\��ҽװ������8-20�����\2023-12-9-SWD&XWTT\MDK-ARM\motorDriver\motorDriver.axf"
".\motorDriver\motorDriver.axf" - 0 Error(s), 6 Warning(s).

<h2>Software Packages used:</h2>

Package Vendor: ARM
                http://www.keil.com/pack/ARM.CMSIS.5.7.0.pack
                ARM.CMSIS.5.7.0
                CMSIS (Cortex Microcontroller Software Interface Standard)
   * Component: CORE Version: 5.4.0

Package Vendor: Keil
                https://www.keil.com/pack/Keil.STM32H7xx_DFP.3.1.0.pack
                Keil.STM32H7xx_DFP.3.1.0
                STMicroelectronics STM32H7 Series Device Support and Examples

<h2>Collection of Component include folders:</h2>
  .\RTE\_motorDriver
  C:\Users\Yls\AppData\Local\Arm\Packs\ARM\CMSIS\5.7.0\CMSIS\Core\Include
  C:\Users\Yls\AppData\Local\Arm\Packs\Keil\STM32H7xx_DFP\3.1.0\Drivers\CMSIS\Device\ST\STM32H7xx\Include

<h2>Collection of Component Files used:</h2>

   * Component: ARM::CMSIS:CORE:5.4.0
Build Time Elapsed:  00:00:10
</pre>
</body>
</html>
